
[7m[1m[36m NX [39m[22m[27m  [36mRunning target [1mtest[22m for 4 projects:[39m

[2m-[22m shared-services
[2m-[22m portfolio
[2m-[22m backend
[2m-[22m lab001

[2mWith additional flags:[22m
  --runInBand=true

[2m[36m[39m[22m

[2m> [22m[2mnx run[22m shared-services:test --runInBand


[1mTest Suites: [22m[1m[32m2 passed[39m[22m, 2 total
[1mTests:       [22m[1m[32m11 passed[39m[22m, 11 total
[1mSnapshots:   [22m0 total
[1mTime:[22m        1.565 s, estimated 2 s
[2mRan all test suites[22m[2m.[22m

[2m> [22m[2mnx run[22m lab001:test --runInBand

[1mNo tests found, exiting with code 0[22m

[2m> [22m[2mnx run[22m portfolio:test --runInBand


[1mTest Suites: [22m[1m[32m56 passed[39m[22m, 56 total
[1mTests:       [22m[1m[32m379 passed[39m[22m, 379 total
[1mSnapshots:   [22m0 total
[1mTime:[22m        [1m[33m20.235 s[39m[22m
[2mRan all test suites[22m[2m.[22m

[2m> [22m[2mnx run[22m backend:test --runInBand


> backend@0.0.1 test
> jest --runInBand


[1mTest Suites: [22m[1m[32m17 passed[39m[22m, 17 total
[1mTests:       [22m[1m[32m57 passed[39m[22m, 57 total
[1mSnapshots:   [22m0 total
[1mTime:[22m        20.576 s
[2mRan all test suites[22m[2m.[22m

[2m[32m[39m[22m

[7m[1m[32m NX [39m[22m[27m  [32mSuccessfully ran target [1mtest[22m for 4 projects[39m


